// Jest Snapshot v1, https://goo.gl/fbAQLP

exports[`AppNavigation.vue should render correctly 1`] = `
<div
  class="app-navigation"
>
  <div
    class="pt-3"
    style="font-size: 2rem;"
  >
    appPageTitle.overview
  </div>
   
  <div
    class="el-divider el-divider--horizontal"
  >
    <!---->
  </div>
   
  <div
    class="nav-item py-3 active"
  >
    
    appPageTitle.overview
  
  </div>
</div>
`;
